2026-04-20 08:49:49 Loaded main app package /usr/lib/obsidian/obsidian.asar
2026-04-20 08:49:49 Checking for update using Github
2026-04-20 08:49:49 Success.
2026-04-20 08:49:49 Latest version is 1.12.7
2026-04-20 08:49:49 App is up to date.
2026-04-20 12:11:47 Loaded main app package /usr/lib/obsidian/obsidian.asar
2026-04-20 12:11:47 Checking for update using Github
2026-04-20 12:11:48 Success.
2026-04-20 12:11:48 Latest version is 1.12.7
2026-04-20 12:11:48 App is up to date.
2026-04-20 15:47:36 Loaded main app package /usr/lib/obsidian/obsidian.asar
2026-04-20 15:47:36 Checking for update using Github
2026-04-20 15:47:39 Success.
2026-04-20 15:47:39 Latest version is 1.12.7
2026-04-20 15:47:39 App is up to date.
2026-04-21 04:43:44 Loaded main app package /usr/lib/obsidian/obsidian.asar
2026-04-21 04:43:45 Checking for update using Github
2026-04-21 04:43:45 Failed to check for update using Github (net::ERR_NAME_NOT_RESOLVED)
2026-04-21 04:43:45 Checking for update using obsidian.md
2026-04-21 04:43:45 Failed to check for update using obsidian.md (net::ERR_NAME_NOT_RESOLVED)
2026-04-21 04:45:15 Loaded main app package /usr/lib/obsidian/obsidian.asar
2026-04-21 04:45:15 Checking for update using Github
2026-04-21 04:45:15 Failed to check for update using Github (net::ERR_NAME_NOT_RESOLVED)
2026-04-21 04:45:15 Checking for update using obsidian.md
2026-04-21 04:45:15 Failed to check for update using obsidian.md (net::ERR_NAME_NOT_RESOLVED)
2026-04-21 04:47:48 Loaded main app package /usr/lib/obsidian/obsidian.asar
2026-04-21 04:47:48 Checking for update using Github
2026-04-21 04:52:18 Loaded main app package /usr/lib/obsidian/obsidian.asar
2026-04-21 04:52:18 Checking for update using Github
2026-04-21 04:52:18 Loaded main app package /usr/lib/obsidian/obsidian.asar
2026-04-21 04:52:18 Failed to check for update using Github (net::ERR_NAME_NOT_RESOLVED)
2026-04-21 04:52:18 Checking for update using obsidian.md
2026-04-21 04:52:18 Failed to check for update using obsidian.md (net::ERR_NAME_NOT_RESOLVED)
2026-04-21 05:00:34 Loaded main app package /usr/lib/obsidian/obsidian.asar
2026-04-21 05:00:34 Checking for update using Github
2026-04-21 12:00:19 Loaded main app package /usr/lib/obsidian/obsidian.asar
2026-04-21 12:00:19 Checking for update using Github
2026-04-21 12:00:19 Success.
2026-04-21 12:00:19 Latest version is 1.12.7
2026-04-21 12:00:19 App is up to date.
2026-04-21 13:00:19 Checking for update using Github
2026-04-21 13:00:19 Success.
2026-04-21 13:00:19 Latest version is 1.12.7
2026-04-21 13:00:19 App is up to date.
2026-04-21 14:00:19 Checking for update using Github
2026-04-21 14:00:19 Success.
2026-04-21 14:00:19 Latest version is 1.12.7
2026-04-21 14:00:19 App is up to date.
2026-04-21 15:00:19 Checking for update using Github
2026-04-21 15:00:19 Success.
2026-04-21 15:00:19 Latest version is 1.12.7
2026-04-21 15:00:19 App is up to date.
2026-04-21 19:56:43 Loaded main app package /usr/lib/obsidian/obsidian.asar
2026-04-21 19:56:44 Checking for update using Github
2026-04-21 19:56:44 Success.
2026-04-21 19:56:44 Latest version is 1.12.7
2026-04-21 19:56:44 App is up to date.
2026-04-22 03:36:41 Loaded main app package /usr/lib/obsidian/obsidian.asar
2026-04-22 03:36:42 Checking for update using Github
2026-04-22 03:36:52 Failed to check for update using Github (net::ERR_NAME_NOT_RESOLVED)
2026-04-22 03:36:52 Checking for update using obsidian.md
2026-04-22 03:36:57 Failed to check for update using obsidian.md (net::ERR_NAME_NOT_RESOLVED)
2026-04-22 05:29:46 Loaded main app package /usr/lib/obsidian/obsidian.asar
2026-04-22 05:29:46 Checking for update using Github
2026-04-22 05:30:06 Failed to check for update using Github (net::ERR_NAME_NOT_RESOLVED)
2026-04-22 05:30:06 Checking for update using obsidian.md
2026-04-22 05:31:02 Failed to check for update using obsidian.md (net::ERR_NETWORK_CHANGED)
2026-04-22 06:12:24 Loaded main app package /usr/lib/obsidian/obsidian.asar
2026-04-22 06:12:25 Checking for update using Github
2026-04-22 06:12:27 Success.
2026-04-22 06:12:27 Latest version is 1.12.7
2026-04-22 06:12:27 App is up to date.
2026-04-22 07:53:39 Loaded main app package /usr/lib/obsidian/obsidian.asar
2026-04-22 07:53:40 Checking for update using Github
2026-04-22 07:53:40 Success.
2026-04-22 07:53:40 Latest version is 1.12.7
2026-04-22 07:53:40 App is up to date.
2026-04-22 13:03:33 Loaded main app package /usr/lib/obsidian/obsidian.asar
2026-04-22 13:03:34 Checking for update using Github
2026-04-22 13:03:34 Success.
2026-04-22 13:03:34 Latest version is 1.12.7
2026-04-22 13:03:34 App is up to date.
2026-04-22 13:28:05 Loaded main app package /usr/lib/obsidian/obsidian.asar
2026-04-22 13:28:05 Checking for update using Github
2026-04-22 13:28:05 Success.
2026-04-22 13:28:05 Latest version is 1.12.7
2026-04-22 13:28:05 App is up to date.
2026-04-22 14:00:28 Loaded main app package /usr/lib/obsidian/obsidian.asar
2026-04-22 14:00:28 Checking for update using Github
2026-04-22 14:00:29 Success.
2026-04-22 14:00:29 Latest version is 1.12.7
2026-04-22 14:00:29 App is up to date.
2026-04-22 19:11:53 Loaded main app package /usr/lib/obsidian/obsidian.asar
2026-04-22 19:11:53 Checking for update using Github
2026-04-22 19:11:54 Success.
2026-04-22 19:11:54 Latest version is 1.12.7
2026-04-22 19:11:54 App is up to date.
2026-04-23 12:17:57 Loaded main app package /usr/lib/obsidian/obsidian.asar
2026-04-23 12:17:57 Checking for update using Github
2026-04-23 12:17:57 Success.
2026-04-23 12:17:57 Latest version is 1.12.7
2026-04-23 12:17:57 App is up to date.
2026-04-23 13:17:57 Checking for update using Github
2026-04-23 13:17:57 Success.
2026-04-23 13:17:57 Latest version is 1.12.7
2026-04-23 13:17:57 App is up to date.
2026-04-23 13:37:02 Loaded main app package /usr/lib/obsidian/obsidian.asar
2026-04-23 13:37:02 Checking for update using Github
2026-04-23 13:37:02 Success.
2026-04-23 13:37:02 Latest version is 1.12.7
2026-04-23 13:37:02 App is up to date.
2026-04-23 14:37:02 Checking for update using Github
2026-04-23 14:37:02 Success.
2026-04-23 14:37:02 Latest version is 1.12.7
2026-04-23 14:37:02 App is up to date.
2026-04-26 19:00:09 Loaded main app package /usr/lib/obsidian/obsidian.asar
2026-04-26 19:00:09 Checking for update using Github
2026-04-26 19:00:09 Success.
2026-04-26 19:00:09 Latest version is 1.12.7
2026-04-26 19:00:09 App is up to date.
2026-04-27 04:53:43 Loaded main app package /usr/lib/obsidian/obsidian.asar
2026-04-27 04:53:43 Checking for update using Github
2026-04-27 04:53:44 Success.
2026-04-27 04:53:44 Latest version is 1.12.7
2026-04-27 04:53:44 App is up to date.
2026-04-27 04:58:01 Loaded main app package /usr/lib/obsidian/obsidian.asar
2026-04-27 04:58:01 Checking for update using Github
2026-04-27 04:58:02 Success.
2026-04-27 04:58:02 Latest version is 1.12.7
2026-04-27 04:58:02 App is up to date.
2026-04-27 05:05:34 Loaded main app package /usr/lib/obsidian/obsidian.asar
2026-04-27 05:05:34 Checking for update using Github
2026-04-27 05:05:35 Success.
2026-04-27 05:05:35 Latest version is 1.12.7
2026-04-27 05:05:35 App is up to date.
2026-04-27 05:23:24 Loaded main app package /usr/lib/obsidian/obsidian.asar
2026-04-27 05:23:25 Checking for update using Github
2026-04-27 05:23:29 Success.
2026-04-27 05:23:29 Latest version is 1.12.7
2026-04-27 05:23:29 App is up to date.
2026-04-27 13:33:41 Loaded main app package /usr/lib/obsidian/obsidian.asar
2026-04-27 13:33:42 Checking for update using Github
2026-04-27 13:33:42 Success.
2026-04-27 13:33:42 Latest version is 1.12.7
2026-04-27 13:33:42 App is up to date.
2026-04-29 14:25:44 Loaded main app package /usr/lib/obsidian/obsidian.asar
2026-04-29 14:25:44 Checking for update using Github
2026-04-29 14:25:44 Success.
2026-04-29 14:25:44 Latest version is 1.12.7
2026-04-29 14:25:44 App is up to date.
2026-04-29 18:52:00 Loaded main app package /usr/lib/obsidian/obsidian.asar
2026-04-29 18:52:00 Checking for update using Github
2026-04-29 18:52:00 Success.
2026-04-29 18:52:00 Latest version is 1.12.7
2026-04-29 18:52:00 App is up to date.
2026-04-29 19:52:00 Checking for update using Github
2026-04-29 19:52:00 Success.
2026-04-29 19:52:00 Latest version is 1.12.7
2026-04-29 19:52:00 App is up to date.
2026-04-30 08:07:28 Loaded main app package /usr/lib/obsidian/obsidian.asar
2026-04-30 08:07:28 Checking for update using Github
2026-04-30 08:07:28 Success.
2026-04-30 08:07:28 Latest version is 1.12.7
2026-04-30 08:07:28 App is up to date.
2026-04-30 12:37:21 Loaded main app package /usr/lib/obsidian/obsidian.asar
2026-04-30 12:37:21 Checking for update using Github
2026-04-30 12:37:22 Success.
2026-04-30 12:37:22 Latest version is 1.12.7
2026-04-30 12:37:22 App is up to date.
2026-04-30 13:37:21 Checking for update using Github
2026-04-30 13:37:21 Success.
2026-04-30 13:37:21 Latest version is 1.12.7
2026-04-30 13:37:21 App is up to date.
2026-04-30 14:02:17 Loaded main app package /usr/lib/obsidian/obsidian.asar
2026-04-30 14:02:17 Checking for update using Github
2026-04-30 14:02:17 Success.
2026-04-30 14:02:17 Latest version is 1.12.7
2026-04-30 14:02:17 App is up to date.
2026-04-30 15:13:56 Loaded main app package /usr/lib/obsidian/obsidian.asar
2026-04-30 15:13:56 Checking for update using Github
2026-04-30 15:13:57 Success.
2026-04-30 15:13:57 Latest version is 1.12.7
2026-04-30 15:13:57 App is up to date.
2026-04-30 16:13:56 Checking for update using Github
2026-04-30 16:13:56 Success.
2026-04-30 16:13:56 Latest version is 1.12.7
2026-04-30 16:13:56 App is up to date.
2026-04-30 17:13:56 Checking for update using Github
2026-04-30 17:13:56 Success.
2026-04-30 17:13:56 Latest version is 1.12.7
2026-04-30 17:13:56 App is up to date.
2026-04-30 18:13:56 Checking for update using Github
2026-04-30 18:13:56 Success.
2026-04-30 18:13:56 Latest version is 1.12.7
2026-04-30 18:13:56 App is up to date.
2026-04-30 19:13:56 Checking for update using Github
2026-04-30 19:13:57 Success.
2026-04-30 19:13:57 Latest version is 1.12.7
2026-04-30 19:13:57 App is up to date.
2026-04-30 20:13:56 Checking for update using Github
2026-04-30 20:13:57 Success.
2026-04-30 20:13:57 Latest version is 1.12.7
2026-04-30 20:13:57 App is up to date.
2026-05-01 08:43:17 Loaded main app package /usr/lib/obsidian/obsidian.asar
2026-05-01 08:43:17 Checking for update using Github
2026-05-01 08:43:17 Success.
2026-05-01 08:43:17 Latest version is 1.12.7
2026-05-01 08:43:17 App is up to date.
2026-05-01 09:43:17 Checking for update using Github
2026-05-01 09:43:17 Success.
2026-05-01 09:43:17 Latest version is 1.12.7
2026-05-01 09:43:17 App is up to date.
2026-05-01 10:43:17 Checking for update using Github
2026-05-01 10:43:17 Success.
2026-05-01 10:43:17 Latest version is 1.12.7
2026-05-01 10:43:17 App is up to date.
2026-05-01 17:53:59 Loaded main app package /usr/lib/obsidian/obsidian.asar
2026-05-01 17:53:59 Checking for update using Github
2026-05-01 17:53:59 Success.
2026-05-01 17:53:59 Latest version is 1.12.7
2026-05-01 17:53:59 App is up to date.
2026-05-01 18:53:58 Checking for update using Github
2026-05-01 18:53:59 Success.
2026-05-01 18:53:59 Latest version is 1.12.7
2026-05-01 18:53:59 App is up to date.
2026-05-02 11:59:17 Loaded main app package /usr/lib/obsidian/obsidian.asar
2026-05-02 11:59:17 Checking for update using Github
2026-05-02 11:59:17 Success.
2026-05-02 11:59:17 Latest version is 1.12.7
2026-05-02 11:59:17 App is up to date.
2026-05-02 14:15:00 Loaded main app package /usr/lib/obsidian/obsidian.asar
2026-05-02 14:15:00 Checking for update using Github
2026-05-02 14:15:01 Success.
2026-05-02 14:15:01 Latest version is 1.12.7
2026-05-02 14:15:01 App is up to date.
2026-05-02 14:15:13 Loaded main app package /usr/lib/obsidian/obsidian.asar
2026-05-02 14:15:13 Checking for update using Github
2026-05-02 14:15:13 Success.
2026-05-02 14:15:13 Latest version is 1.12.7
2026-05-02 14:15:13 App is up to date.
2026-05-02 18:37:14 Loaded main app package /usr/lib/obsidian/obsidian.asar
2026-05-02 18:37:15 Checking for update using Github
2026-05-02 18:37:15 Success.
2026-05-02 18:37:15 Latest version is 1.12.7
2026-05-02 18:37:15 App is up to date.
2026-05-02 18:37:42 Loaded main app package /usr/lib/obsidian/obsidian.asar
2026-05-02 18:37:42 Checking for update using Github
2026-05-02 18:37:43 Success.
2026-05-02 18:37:43 Latest version is 1.12.7
2026-05-02 18:37:43 App is up to date.
2026-05-03 07:03:42 Loaded main app package /usr/lib/obsidian/obsidian.asar
2026-05-03 07:03:43 Checking for update using Github
2026-05-03 07:03:44 Success.
2026-05-03 07:03:44 Latest version is 1.12.7
2026-05-03 07:03:44 App is up to date.
2026-05-04 07:01:55 Loaded main app package /usr/lib/obsidian/obsidian.asar
2026-05-04 07:01:56 Checking for update using Github
2026-05-04 07:01:56 Success.
2026-05-04 07:01:56 Latest version is 1.12.7
2026-05-04 07:01:56 App is up to date.
2026-05-04 13:05:36 Loaded main app package /usr/lib/obsidian/obsidian.asar
2026-05-04 13:05:36 Checking for update using Github
2026-05-04 13:05:37 Success.
2026-05-04 13:05:37 Latest version is 1.12.7
2026-05-04 13:05:37 App is up to date.
2026-05-04 14:05:36 Checking for update using Github
2026-05-04 14:05:36 Success.
2026-05-04 14:05:36 Latest version is 1.12.7
2026-05-04 14:05:36 App is up to date.
2026-05-04 15:05:36 Checking for update using Github
2026-05-04 15:05:36 Success.
2026-05-04 15:05:36 Latest version is 1.12.7
2026-05-04 15:05:36 App is up to date.
2026-05-04 16:18:53 Checking for update using Github
2026-05-04 16:18:53 Success.
2026-05-04 16:18:53 Latest version is 1.12.7
2026-05-04 16:18:53 App is up to date.
2026-05-04 17:18:54 Checking for update using Github
2026-05-04 17:18:55 Success.
2026-05-04 17:18:55 Latest version is 1.12.7
2026-05-04 17:18:55 App is up to date.
2026-05-04 18:18:54 Checking for update using Github
2026-05-04 18:18:54 Success.
2026-05-04 18:18:54 Latest version is 1.12.7
2026-05-04 18:18:54 App is up to date.
2026-05-04 19:18:54 Checking for update using Github
2026-05-04 19:18:54 Success.
2026-05-04 19:18:54 Latest version is 1.12.7
2026-05-04 19:18:54 App is up to date.
2026-05-05 13:14:22 Loaded main app package /usr/lib/obsidian/obsidian.asar
2026-05-05 13:14:22 Checking for update using Github
2026-05-05 13:14:23 Success.
2026-05-05 13:14:23 Latest version is 1.12.7
2026-05-05 13:14:23 App is up to date.
2026-05-05 15:07:02 Loaded main app package /usr/lib/obsidian/obsidian.asar
2026-05-05 15:07:02 Checking for update using Github
2026-05-05 15:07:03 Success.
2026-05-05 15:07:03 Latest version is 1.12.7
2026-05-05 15:07:03 App is up to date.
2026-05-05 15:07:19 Loaded main app package /usr/lib/obsidian/obsidian.asar
2026-05-05 15:07:19 Checking for update using Github
2026-05-05 15:07:19 Success.
2026-05-05 15:07:19 Latest version is 1.12.7
2026-05-05 15:07:19 App is up to date.
2026-05-05 16:07:19 Checking for update using Github
2026-05-05 16:07:19 Success.
2026-05-05 16:07:19 Latest version is 1.12.7
2026-05-05 16:07:19 App is up to date.
2026-05-05 17:07:19 Checking for update using Github
2026-05-05 17:07:19 Success.
2026-05-05 17:07:19 Latest version is 1.12.7
2026-05-05 17:07:19 App is up to date.
2026-05-06 16:34:59 Loaded main app package /usr/lib/obsidian/obsidian.asar
2026-05-06 16:34:59 Checking for update using Github
2026-05-06 16:35:00 Success.
2026-05-06 16:35:00 Latest version is 1.12.7
2026-05-06 16:35:00 App is up to date.
2026-05-06 16:41:31 Loaded main app package /usr/lib/obsidian/obsidian.asar
2026-05-06 16:41:31 Checking for update using Github
2026-05-06 16:41:32 Success.
2026-05-06 16:41:32 Latest version is 1.12.7
2026-05-06 16:41:32 App is up to date.
2026-05-06 17:41:30 Checking for update using Github
2026-05-06 17:41:31 Success.
2026-05-06 17:41:31 Latest version is 1.12.7
2026-05-06 17:41:31 App is up to date.
2026-05-06 18:04:10 Loaded main app package /usr/lib/obsidian/obsidian.asar
2026-05-06 18:41:30 Checking for update using Github
2026-05-06 18:41:31 Success.
2026-05-06 18:41:31 Latest version is 1.12.7
2026-05-06 18:41:31 App is up to date.
2026-05-06 19:02:02 Loaded main app package /usr/lib/obsidian/obsidian.asar
2026-05-06 19:02:02 Checking for update using Github
2026-05-06 19:02:03 Success.
2026-05-06 19:02:03 Latest version is 1.12.7
2026-05-06 19:02:03 App is up to date.
2026-05-07 08:38:04 Loaded main app package /usr/lib/obsidian/obsidian.asar
2026-05-07 08:38:04 Checking for update using Github
2026-05-07 08:38:05 Failed to check for update using Github (net::ERR_INTERNET_DISCONNECTED)
2026-05-07 08:38:05 Checking for update using obsidian.md
2026-05-07 08:38:05 Failed to check for update using obsidian.md (net::ERR_INTERNET_DISCONNECTED)
2026-05-07 08:42:53 Loaded main app package /usr/lib/obsidian/obsidian.asar
2026-05-07 08:51:31 Loaded main app package /usr/lib/obsidian/obsidian.asar
2026-05-07 08:51:31 Checking for update using Github
2026-05-07 08:51:32 Success.
2026-05-07 08:51:32 Latest version is 1.12.7
2026-05-07 08:51:32 App is up to date.
2026-05-07 08:57:58 Loaded main app package /usr/lib/obsidian/obsidian.asar
2026-05-07 08:57:59 Checking for update using Github
2026-05-07 08:57:59 Success.
2026-05-07 08:57:59 Latest version is 1.12.7
2026-05-07 08:57:59 App is up to date.
2026-05-07 09:45:09 Loaded main app package /usr/lib/obsidian/obsidian.asar
2026-05-07 09:45:10 Checking for update using Github
2026-05-07 09:45:10 Failed to check for update using Github (net::ERR_INTERNET_DISCONNECTED)
2026-05-07 09:45:10 Checking for update using obsidian.md
2026-05-07 09:45:10 Failed to check for update using obsidian.md (net::ERR_INTERNET_DISCONNECTED)
2026-05-07 15:34:02 Loaded main app package /usr/lib/obsidian/obsidian.asar
2026-05-07 15:34:03 Checking for update using Github
2026-05-07 15:34:03 Success.
2026-05-07 15:34:03 Latest version is 1.12.7
2026-05-07 15:34:03 App is up to date.
2026-05-09 08:30:50 Loaded main app package /usr/lib/obsidian/obsidian.asar
2026-05-09 08:30:50 Checking for update using Github
2026-05-09 08:30:51 Success.
2026-05-09 08:30:51 Latest version is 1.12.7
2026-05-09 08:30:51 App is up to date.
2026-05-09 11:50:24 Loaded main app package /usr/lib/obsidian/obsidian.asar
2026-05-09 11:50:24 Checking for update using Github
2026-05-09 11:50:25 Success.
2026-05-09 11:50:25 Latest version is 1.12.7
2026-05-09 11:50:25 App is up to date.
2026-05-09 12:50:23 Checking for update using Github
2026-05-09 12:50:24 Success.
2026-05-09 12:50:24 Latest version is 1.12.7
2026-05-09 12:50:24 App is up to date.
2026-05-09 13:50:23 Checking for update using Github
2026-05-09 13:50:24 Success.
2026-05-09 13:50:24 Latest version is 1.12.7
2026-05-09 13:50:24 App is up to date.
2026-05-09 14:50:24 Checking for update using Github
2026-05-09 14:50:24 Success.
2026-05-09 14:50:24 Latest version is 1.12.7
2026-05-09 14:50:24 App is up to date.
2026-05-09 15:50:24 Checking for update using Github
2026-05-09 15:50:24 Success.
2026-05-09 15:50:24 Latest version is 1.12.7
2026-05-09 15:50:24 App is up to date.
2026-05-09 16:50:24 Checking for update using Github
2026-05-09 16:50:24 Success.
2026-05-09 16:50:24 Latest version is 1.12.7
2026-05-09 16:50:24 App is up to date.
2026-05-09 17:50:24 Checking for update using Github
2026-05-09 17:50:24 Success.
2026-05-09 17:50:24 Latest version is 1.12.7
2026-05-09 17:50:24 App is up to date.
2026-05-09 18:50:24 Checking for update using Github
2026-05-09 18:50:24 Success.
2026-05-09 18:50:24 Latest version is 1.12.7
2026-05-09 18:50:24 App is up to date.
2026-05-09 19:50:24 Checking for update using Github
2026-05-09 19:50:24 Success.
2026-05-09 19:50:24 Latest version is 1.12.7
2026-05-09 19:50:24 App is up to date.
2026-05-11 05:10:02 Loaded main app package /usr/lib/obsidian/obsidian.asar
2026-05-11 05:10:03 Checking for update using Github
2026-05-11 05:10:03 Success.
2026-05-11 05:10:03 Latest version is 1.12.7
2026-05-11 05:10:03 App is up to date.
2026-05-11 06:34:00 Loaded main app package /usr/lib/obsidian/obsidian.asar
2026-05-11 06:34:00 Checking for update using Github
2026-05-11 06:34:01 Success.
2026-05-11 06:34:01 Latest version is 1.12.7
2026-05-11 06:34:01 App is up to date.
2026-05-12 08:32:03 Loaded main app package /usr/lib/obsidian/obsidian.asar
2026-05-12 08:32:04 Checking for update using Github
2026-05-12 08:32:04 Success.
2026-05-12 08:32:04 Latest version is 1.12.7
2026-05-12 08:32:04 App is up to date.
2026-05-12 13:40:41 Loaded main app package /usr/lib/obsidian/obsidian.asar
2026-05-12 13:40:42 Checking for update using Github
2026-05-12 13:40:43 Success.
2026-05-12 13:40:43 Latest version is 1.12.7
2026-05-12 13:40:43 App is up to date.
2026-05-13 11:47:23 Loaded main app package /usr/lib/obsidian/obsidian.asar
2026-05-13 11:47:23 Checking for update using Github
2026-05-13 11:47:24 Failed to check for update using Github (net::ERR_NAME_NOT_RESOLVED)
2026-05-13 11:47:24 Checking for update using obsidian.md
2026-05-14 12:05:30 Loaded main app package /usr/lib/obsidian/obsidian.asar
2026-05-14 12:05:30 Checking for update using Github
2026-05-14 12:05:31 Success.
2026-05-14 12:05:31 Latest version is 1.12.7
2026-05-14 12:05:31 App is up to date.
2026-05-14 17:41:02 Loaded main app package /usr/lib/obsidian/obsidian.asar
2026-05-14 17:41:02 Checking for update using Github
2026-05-14 17:41:03 Success.
2026-05-14 17:41:03 Latest version is 1.12.7
2026-05-14 17:41:03 App is up to date.
2026-05-15 16:06:31 Loaded main app package /usr/lib/obsidian/obsidian.asar
2026-05-15 16:06:32 Checking for update using Github
2026-05-15 16:06:32 Success.
2026-05-15 16:06:32 Latest version is 1.12.7
2026-05-15 16:06:32 App is up to date.
2026-05-17 08:24:54 Loaded main app package /usr/lib/obsidian/obsidian.asar
2026-05-17 08:24:55 Checking for update using Github
2026-05-17 08:24:56 Success.
2026-05-17 08:24:56 Latest version is 1.12.7
2026-05-17 08:24:56 App is up to date.
2026-05-21 16:18:06 Loaded main app package /usr/lib/obsidian/obsidian.asar
2026-05-21 16:18:07 Checking for update using Github
2026-05-21 16:18:08 Success.
2026-05-21 16:18:08 Latest version is 1.12.7
2026-05-21 16:18:08 App is up to date.
2026-05-21 17:18:06 Checking for update using Github
2026-05-21 17:18:06 Success.
2026-05-21 17:18:06 Latest version is 1.12.7
2026-05-21 17:18:06 App is up to date.
2026-05-22 19:48:58 Loaded main app package /usr/lib/obsidian/obsidian.asar
2026-05-22 19:48:59 Checking for update using Github
2026-05-22 19:48:59 Success.
2026-05-22 19:48:59 Latest version is 1.12.7
2026-05-22 19:48:59 App is up to date.
2026-05-22 19:57:18 Loaded main app package /opt/Obsidian/resources/obsidian.asar
2026-05-22 19:57:18 Checking for update using Github
2026-05-22 19:57:19 Success.
2026-05-22 19:57:19 Latest version is 1.12.7
2026-05-22 19:57:19 App is up to date.
2026-05-22 20:23:20 Loaded main app package /opt/Obsidian/resources/obsidian.asar
2026-05-22 20:23:21 Checking for update using Github
2026-05-22 20:23:21 Success.
2026-05-22 20:23:21 Latest version is 1.12.7
2026-05-22 20:23:21 App is up to date.
2026-05-22 21:09:40 Loaded main app package /opt/Obsidian/resources/obsidian.asar
2026-05-22 21:09:41 Checking for update using Github
2026-05-22 21:09:41 Success.
2026-05-22 21:09:41 Latest version is 1.12.7
2026-05-22 21:09:41 App is up to date.
2026-05-22 21:12:54 Loaded main app package /opt/Obsidian/resources/obsidian.asar
2026-05-22 21:12:55 Checking for update using Github
2026-05-22 21:12:55 Success.
2026-05-22 21:12:55 Latest version is 1.12.7
2026-05-22 21:12:55 App is up to date.
2026-05-22 21:40:12 Loaded main app package /opt/Obsidian/resources/obsidian.asar
2026-05-22 21:40:13 Checking for update using Github
2026-05-22 21:40:14 Success.
2026-05-22 21:40:14 Latest version is 1.12.7
2026-05-22 21:40:14 App is up to date.
2026-05-24 20:20:30 Loaded main app package /opt/Obsidian/resources/obsidian.asar
2026-05-24 20:20:31 Checking for update using Github
2026-05-24 20:20:32 Success.
2026-05-24 20:20:32 Latest version is 1.12.7
2026-05-24 20:20:32 App is up to date.
2026-05-26 16:27:25 Loaded main app package /opt/Obsidian/resources/obsidian.asar
2026-05-26 16:27:26 Checking for update using Github
2026-05-26 16:27:30 Success.
2026-05-26 16:27:30 Latest version is 1.12.7
2026-05-26 16:27:30 App is up to date.
2026-05-26 16:52:16 Loaded main app package /opt/Obsidian/resources/obsidian.asar
2026-05-26 16:52:16 Checking for update using Github
2026-05-26 16:52:17 Success.
2026-05-26 16:52:17 Latest version is 1.12.7
2026-05-26 16:52:17 App is up to date.
2026-05-26 17:34:32 Loaded main app package /opt/Obsidian/resources/obsidian.asar
2026-05-26 17:34:33 Checking for update using Github
2026-05-26 17:34:33 Success.
2026-05-26 17:34:33 Latest version is 1.12.7
2026-05-26 17:34:33 App is up to date.
2026-05-26 17:37:15 Loaded main app package /opt/Obsidian/resources/obsidian.asar
2026-05-26 17:37:15 Checking for update using Github
2026-05-26 17:37:15 Success.
2026-05-26 17:37:15 Latest version is 1.12.7
2026-05-26 17:37:15 App is up to date.
2026-05-26 18:37:15 Checking for update using Github
2026-05-26 18:37:15 Success.
2026-05-26 18:37:15 Latest version is 1.12.7
2026-05-26 18:37:15 App is up to date.
2026-05-27 12:09:12 Loaded main app package /opt/Obsidian/resources/obsidian.asar
2026-05-27 12:09:12 Checking for update using Github
2026-05-27 12:09:13 Success.
2026-05-27 12:09:13 Latest version is 1.12.7
2026-05-27 12:09:13 App is up to date.
2026-05-27 13:07:07 Loaded main app package /opt/Obsidian/resources/obsidian.asar
2026-05-27 13:07:07 Checking for update using Github
2026-05-27 13:07:08 Success.
2026-05-27 13:07:08 Latest version is 1.12.7
2026-05-27 13:07:08 App is up to date.
2026-05-27 14:01:20 Loaded main app package /opt/Obsidian/resources/obsidian.asar
2026-05-27 14:01:20 Checking for update using Github
2026-05-27 14:01:21 Success.
2026-05-27 14:01:21 Latest version is 1.12.7
2026-05-27 14:01:21 App is up to date.
2026-05-27 14:46:46 Loaded main app package /opt/Obsidian/resources/obsidian.asar
2026-05-27 14:46:47 Checking for update using Github
2026-05-27 14:46:54 Success.
2026-05-27 14:46:54 Latest version is 1.12.7
2026-05-27 14:46:54 App is up to date.
2026-05-27 15:46:46 Checking for update using Github
2026-05-27 15:46:51 Success.
2026-05-27 15:46:51 Latest version is 1.12.7
2026-05-27 15:46:51 App is up to date.
2026-05-27 16:46:46 Checking for update using Github
2026-05-27 16:46:51 Success.
2026-05-27 16:46:51 Latest version is 1.12.7
2026-05-27 16:46:51 App is up to date.
2026-05-27 17:40:56 Loaded main app package /opt/Obsidian/resources/obsidian.asar
2026-05-27 17:40:57 Checking for update using Github
2026-05-27 17:40:57 Success.
2026-05-27 17:40:57 Latest version is 1.12.7
2026-05-27 17:40:57 App is up to date.
2026-05-27 18:40:56 Checking for update using Github
2026-05-27 18:40:56 Success.
2026-05-27 18:40:56 Latest version is 1.12.7
2026-05-27 18:40:56 App is up to date.
2026-05-27 19:40:56 Checking for update using Github
2026-05-27 19:40:56 Success.
2026-05-27 19:40:56 Latest version is 1.12.7
2026-05-27 19:40:56 App is up to date.
2026-05-28 14:16:46 Loaded main app package /opt/Obsidian/resources/obsidian.asar
2026-05-28 14:16:47 Checking for update using Github
2026-05-28 14:16:48 Success.
2026-05-28 14:16:48 Latest version is 1.12.7
2026-05-28 14:16:48 App is up to date.
2026-05-28 20:20:22 Checking for update using Github
2026-05-28 20:20:22 Success.
2026-05-28 20:20:22 Latest version is 1.12.7
2026-05-28 20:20:22 App is up to date.
2026-05-29 15:49:11 Loaded main app package /opt/Obsidian/resources/obsidian.asar
2026-05-29 15:49:11 Checking for update using Github
2026-05-29 15:49:17 Success.
2026-05-29 15:49:17 Latest version is 1.12.7
2026-05-29 15:49:17 App is up to date.
2026-05-29 16:49:10 Checking for update using Github
2026-05-29 16:49:15 Success.
2026-05-29 16:49:15 Latest version is 1.12.7
2026-05-29 16:49:15 App is up to date.
2026-05-29 17:49:10 Checking for update using Github
2026-05-29 17:49:15 Success.
2026-05-29 17:49:15 Latest version is 1.12.7
2026-05-29 17:49:15 App is up to date.
2026-05-29 18:49:10 Checking for update using Github
2026-05-29 18:49:10 Success.
2026-05-29 18:49:10 Latest version is 1.12.7
2026-05-29 18:49:10 App is up to date.
2026-05-29 18:56:16 Loaded main app package /opt/Obsidian/resources/obsidian.asar
2026-05-29 18:56:16 Checking for update using Github
2026-05-29 18:56:17 Success.
2026-05-29 18:56:17 Latest version is 1.12.7
2026-05-29 18:56:17 App is up to date.
2026-05-31 14:35:20 Loaded main app package /opt/Obsidian/resources/obsidian.asar
2026-05-31 14:35:21 Checking for update using Github
2026-05-31 14:35:21 Success.
2026-05-31 14:35:21 Latest version is 1.12.7
2026-05-31 14:35:21 App is up to date.
2026-06-01 20:36:46 Loaded main app package /opt/Obsidian/resources/obsidian.asar
2026-06-01 20:36:47 Checking for update using Github
2026-06-01 20:36:47 Success.
2026-06-01 20:36:47 Latest version is 1.12.7
2026-06-01 20:36:47 App is up to date.
2026-06-01 21:36:45 Checking for update using Github
2026-06-01 21:36:46 Success.
2026-06-01 21:36:46 Latest version is 1.12.7
2026-06-01 21:36:46 App is up to date.
2026-06-02 08:59:20 Loaded main app package /opt/Obsidian/resources/obsidian.asar
2026-06-02 08:59:21 Checking for update using Github
2026-06-02 08:59:22 Success.
2026-06-02 08:59:22 Latest version is 1.12.7
2026-06-02 08:59:22 App is up to date.
2026-06-02 08:59:41 Loaded main app package /opt/Obsidian/resources/obsidian.asar
2026-06-02 08:59:41 Checking for update using Github
2026-06-02 08:59:42 Success.
2026-06-02 08:59:42 Latest version is 1.12.7
2026-06-02 08:59:42 App is up to date.
2026-06-02 09:59:41 Checking for update using Github
2026-06-02 09:59:41 Success.
2026-06-02 09:59:41 Latest version is 1.12.7
2026-06-02 09:59:41 App is up to date.
2026-06-02 10:59:41 Checking for update using Github
2026-06-02 10:59:41 Success.
2026-06-02 10:59:41 Latest version is 1.12.7
2026-06-02 10:59:41 App is up to date.
2026-06-02 14:49:29 Checking for update using Github
2026-06-02 16:49:46 Loaded main app package /opt/Obsidian/resources/obsidian.asar
2026-06-02 16:49:46 Checking for update using Github
2026-06-02 16:49:47 Success.
2026-06-02 16:49:47 Latest version is 1.12.7
2026-06-02 16:49:47 App is up to date.
2026-06-04 15:52:07 Loaded main app package /opt/Obsidian/resources/obsidian.asar
2026-06-04 15:52:07 Checking for update using Github
2026-06-04 15:52:08 Success.
2026-06-04 15:52:08 Latest version is 1.12.7
2026-06-04 15:52:08 App is up to date.
2026-06-04 16:52:06 Checking for update using Github
2026-06-04 16:52:06 Success.
2026-06-04 16:52:06 Latest version is 1.12.7
2026-06-04 16:52:06 App is up to date.
2026-06-04 17:52:06 Checking for update using Github
2026-06-04 17:52:06 Success.
2026-06-04 17:52:06 Latest version is 1.12.7
2026-06-04 17:52:06 App is up to date.
2026-06-04 18:52:06 Checking for update using Github
2026-06-04 18:52:06 Success.
2026-06-04 18:52:06 Latest version is 1.12.7
2026-06-04 18:52:06 App is up to date.
2026-06-05 16:57:18 Loaded main app package /opt/Obsidian/resources/obsidian.asar
2026-06-05 16:57:18 Checking for update using Github
2026-06-05 16:57:24 Success.
2026-06-05 16:57:24 Latest version is 1.12.7
2026-06-05 16:57:24 App is up to date.
2026-06-05 17:39:28 Loaded main app package /opt/Obsidian/resources/obsidian.asar
2026-06-05 17:39:29 Checking for update using Github
2026-06-05 17:39:29 Success.
2026-06-05 17:39:29 Latest version is 1.12.7
2026-06-05 17:39:29 App is up to date.
2026-06-06 08:56:48 Loaded main app package /opt/Obsidian/resources/obsidian.asar
2026-06-06 08:56:49 Checking for update using Github
2026-06-06 08:56:49 Success.
2026-06-06 08:56:49 Latest version is 1.12.7
2026-06-06 08:56:49 App is up to date.
2026-06-06 09:56:47 Checking for update using Github
2026-06-06 09:56:48 Success.
2026-06-06 09:56:48 Latest version is 1.12.7
2026-06-06 09:56:48 App is up to date.
2026-06-06 10:56:47 Checking for update using Github
2026-06-06 10:56:48 Success.
2026-06-06 10:56:48 Latest version is 1.12.7
2026-06-06 10:56:48 App is up to date.
2026-06-06 11:56:48 Checking for update using Github
2026-06-06 11:56:48 Success.
2026-06-06 11:56:48 Latest version is 1.12.7
2026-06-06 11:56:48 App is up to date.
2026-06-06 12:56:48 Checking for update using Github
2026-06-06 12:56:48 Success.
2026-06-06 12:56:48 Latest version is 1.12.7
2026-06-06 12:56:48 App is up to date.
2026-06-07 09:27:33 Loaded main app package /opt/Obsidian/resources/obsidian.asar
2026-06-07 09:27:34 Checking for update using Github
2026-06-07 09:27:35 Success.
2026-06-07 09:27:35 Latest version is 1.12.7
2026-06-07 09:27:35 App is up to date.
2026-06-08 07:26:59 Loaded main app package /opt/Obsidian/resources/obsidian.asar
2026-06-08 07:27:00 Checking for update using Github
2026-06-08 07:27:00 Success.
2026-06-08 07:27:00 Latest version is 1.12.7
2026-06-08 07:27:00 App is up to date.
2026-06-08 08:26:58 Checking for update using Github
2026-06-08 08:26:58 Success.
2026-06-08 08:26:58 Latest version is 1.12.7
2026-06-08 08:26:58 App is up to date.
2026-06-08 12:18:39 Loaded main app package /opt/Obsidian/resources/obsidian.asar
2026-06-08 12:18:39 Checking for update using Github
2026-06-08 12:18:40 Success.
2026-06-08 12:18:40 Latest version is 1.12.7
2026-06-08 12:18:40 App is up to date.
2026-06-08 13:18:39 Checking for update using Github
2026-06-08 13:18:39 Success.
2026-06-08 13:18:39 Latest version is 1.12.7
2026-06-08 13:18:39 App is up to date.
2026-06-08 14:18:39 Checking for update using Github
2026-06-08 14:18:39 Success.
2026-06-08 14:18:39 Latest version is 1.12.7
2026-06-08 14:18:39 App is up to date.
2026-06-08 15:18:39 Checking for update using Github
2026-06-08 15:18:39 Success.
2026-06-08 15:18:39 Latest version is 1.12.7
2026-06-08 15:18:39 App is up to date.
2026-06-10 10:26:54 Loaded main app package /opt/Obsidian/resources/obsidian.asar
2026-06-10 10:26:55 Checking for update using Github
2026-06-10 10:26:55 Success.
2026-06-10 10:26:55 Latest version is 1.12.7
2026-06-10 10:26:55 App is up to date.
2026-06-10 11:26:51 Checking for update using Github
2026-06-10 11:26:52 Success.
2026-06-10 11:26:52 Latest version is 1.12.7
2026-06-10 11:26:52 App is up to date.
2026-06-10 13:36:55 Loaded main app package /opt/Obsidian/resources/obsidian.asar
2026-06-10 13:36:55 Checking for update using Github
2026-06-10 13:36:56 Success.
2026-06-10 13:36:56 Latest version is 1.12.7
2026-06-10 13:36:56 App is up to date.
2026-06-10 14:36:54 Checking for update using Github
2026-06-10 14:36:54 Success.
2026-06-10 14:36:54 Latest version is 1.12.7
2026-06-10 14:36:54 App is up to date.
2026-06-14 17:52:28 Loaded main app package /opt/Obsidian/resources/obsidian.asar
2026-06-14 17:52:28 Checking for update using Github
2026-06-14 17:52:31 Success.
2026-06-14 17:52:31 Latest version is 1.12.7
2026-06-14 17:52:31 App is up to date.
2026-06-14 18:47:47 Loaded main app package /opt/Obsidian/resources/obsidian.asar
2026-06-14 18:47:48 Checking for update using Github
2026-06-14 18:47:48 Success.
2026-06-14 18:47:48 Latest version is 1.12.7
2026-06-14 18:47:48 App is up to date.
2026-06-16 14:24:16 Loaded main app package /opt/Obsidian/resources/obsidian.asar
2026-06-16 14:24:17 Checking for update using Github
2026-06-16 14:24:18 Success.
2026-06-16 14:24:18 Latest version is 1.12.7
2026-06-16 14:24:18 App is up to date.
2026-06-16 15:27:18 Loaded main app package /opt/Obsidian/resources/obsidian.asar
2026-06-16 15:27:18 Checking for update using Github
2026-06-16 15:27:19 Success.
2026-06-16 15:27:19 Latest version is 1.12.7
2026-06-16 15:27:19 App is up to date.
2026-06-17 16:03:04 Loaded main app package /opt/Obsidian/resources/obsidian.asar
2026-06-17 16:03:05 Checking for update using Github
2026-06-17 16:03:06 Success.
2026-06-17 16:03:06 Latest version is 1.12.7
2026-06-17 16:03:06 App is up to date.
2026-06-17 17:03:04 Checking for update using Github
2026-06-17 17:03:10 Success.
2026-06-17 17:03:10 Latest version is 1.12.7
2026-06-17 17:03:10 App is up to date.
2026-06-18 16:15:37 Loaded main app package /opt/Obsidian/resources/obsidian.asar
2026-06-18 16:15:38 Checking for update using Github
2026-06-18 16:15:39 Success.
2026-06-18 16:15:39 Latest version is 1.12.7
2026-06-18 16:15:39 App is up to date.
2026-06-20 16:10:20 Loaded main app package /opt/Obsidian/resources/obsidian.asar
2026-06-20 16:10:21 Checking for update using Github
2026-06-20 16:10:21 Success.
2026-06-20 16:10:21 Latest version is 1.12.7
2026-06-20 16:10:21 App is up to date.
2026-06-21 20:52:52 Loaded main app package /opt/Obsidian/resources/obsidian.asar
2026-06-21 20:52:52 Checking for update using Github
2026-06-21 20:52:53 Success.
2026-06-21 20:52:53 Latest version is 1.12.7
2026-06-21 20:52:53 App is up to date.
2026-06-23 16:18:46 Loaded main app package /opt/Obsidian/resources/obsidian.asar
2026-06-23 16:18:47 Checking for update using Github
2026-06-23 16:18:47 Success.
2026-06-23 16:18:47 Latest version is 1.12.7
2026-06-23 16:18:47 App is up to date.
2026-06-23 17:18:46 Checking for update using Github
2026-06-23 17:18:47 Success.
2026-06-23 17:18:47 Latest version is 1.12.7
2026-06-23 17:18:47 App is up to date.
2026-06-23 18:18:46 Checking for update using Github
2026-06-23 18:18:47 Success.
2026-06-23 18:18:47 Latest version is 1.12.7
2026-06-23 18:18:47 App is up to date.
2026-06-23 20:12:26 Loaded main app package /opt/Obsidian/resources/obsidian.asar
2026-06-23 20:12:27 Checking for update using Github
2026-06-23 20:12:27 Success.
2026-06-23 20:12:27 Latest version is 1.12.7
2026-06-23 20:12:27 App is up to date.
2026-06-25 03:47:43 Loaded main app package /opt/Obsidian/resources/obsidian.asar
2026-06-25 03:47:44 Checking for update using Github
2026-06-25 03:47:45 Success.
2026-06-25 03:47:45 Latest version is 1.12.7
2026-06-25 03:47:45 App is up to date.
2026-07-05 14:21:44 Loaded main app package /opt/Obsidian/resources/obsidian.asar
2026-07-05 14:21:44 Checking for update using Github
2026-07-05 14:21:45 Success.
2026-07-05 14:21:45 Latest version is 1.12.7
2026-07-05 14:21:45 App is up to date.
2026-07-05 15:21:43 Checking for update using Github
2026-07-05 15:21:43 Success.
2026-07-05 15:21:43 Latest version is 1.12.7
2026-07-05 15:21:43 App is up to date.
2026-07-05 16:21:43 Checking for update using Github
2026-07-05 16:21:43 Success.
2026-07-05 16:21:43 Latest version is 1.12.7
2026-07-05 16:21:43 App is up to date.
2026-07-05 17:21:43 Checking for update using Github
2026-07-05 17:21:43 Success.
2026-07-05 17:21:43 Latest version is 1.12.7
2026-07-05 17:21:43 App is up to date.
2026-07-05 18:21:43 Checking for update using Github
2026-07-05 18:28:22 Failed to check for update using Github (net::ERR_CONNECTION_RESET)
2026-07-05 18:28:22 Checking for update using obsidian.md
2026-07-05 18:28:23 Failed to check for update using obsidian.md (Unexpected end of JSON input)
2026-07-05 19:21:43 Checking for update using Github
2026-07-05 19:21:43 Success.
2026-07-05 19:21:43 Latest version is 1.12.7
2026-07-05 19:21:43 App is up to date.
2026-07-05 20:21:43 Checking for update using Github
2026-07-05 20:21:44 Success.
2026-07-05 20:21:44 Latest version is 1.12.7
2026-07-05 20:21:44 App is up to date.
2026-07-06 21:05:13 Loaded main app package /opt/Obsidian/resources/obsidian.asar
2026-07-06 21:05:13 Checking for update using Github
2026-07-06 21:05:14 Success.
2026-07-06 21:05:14 Latest version is 1.12.7
2026-07-06 21:05:14 App is up to date.
2026-07-06 22:05:12 Checking for update using Github
2026-07-06 22:05:13 Success.
2026-07-06 22:05:13 Latest version is 1.12.7
2026-07-06 22:05:13 App is up to date.
2026-07-06 23:05:12 Checking for update using Github
2026-07-06 23:05:12 Success.
2026-07-06 23:05:12 Latest version is 1.12.7
2026-07-06 23:05:12 App is up to date.
2026-07-07 00:05:12 Checking for update using Github
2026-07-07 00:05:12 Success.
2026-07-07 00:05:12 Latest version is 1.12.7
2026-07-07 00:05:12 App is up to date.
2026-07-07 12:15:24 Loaded main app package /opt/Obsidian/resources/obsidian.asar
2026-07-07 12:15:24 Checking for update using Github
2026-07-07 12:15:26 Success.
2026-07-07 12:15:26 Latest version is 1.12.7
2026-07-07 12:15:26 App is up to date.
2026-07-07 19:17:59 Loaded main app package /opt/Obsidian/resources/obsidian.asar
2026-07-07 19:17:59 Checking for update using Github
2026-07-07 19:17:59 Success.
2026-07-07 19:17:59 Latest version is 1.12.7
2026-07-07 19:17:59 App is up to date.
2026-07-14 07:36:02 Loaded main app package /opt/Obsidian/resources/obsidian.asar
2026-07-14 07:36:02 Checking for update using Github
2026-07-14 07:36:03 Success.
2026-07-14 07:36:03 Latest version is 1.12.7
2026-07-14 07:36:03 App is up to date.
2026-07-14 08:36:01 Checking for update using Github
2026-07-14 08:36:01 Success.
2026-07-14 08:36:01 Latest version is 1.12.7
2026-07-14 08:36:01 App is up to date.
2026-07-14 09:36:01 Checking for update using Github
2026-07-14 09:36:01 Success.
2026-07-14 09:36:01 Latest version is 1.12.7
2026-07-14 09:36:01 App is up to date.
2026-07-14 11:47:40 Loaded main app package /opt/Obsidian/resources/obsidian.asar
2026-07-14 11:47:41 Checking for update using Github
2026-07-14 11:47:41 Success.
2026-07-14 11:47:41 Latest version is 1.12.7
2026-07-14 11:47:41 App is up to date.
2026-07-15 12:43:57 Loaded main app package /opt/Obsidian/resources/obsidian.asar
2026-07-15 12:43:57 Checking for update using Github
2026-07-15 12:43:58 Success.
2026-07-15 12:43:58 Latest version is 1.12.7
2026-07-15 12:43:58 App is up to date.
2026-07-15 13:43:56 Checking for update using Github
2026-07-15 13:43:56 Success.
2026-07-15 13:43:56 Latest version is 1.12.7
2026-07-15 13:43:56 App is up to date.
2026-07-15 14:43:56 Checking for update using Github
2026-07-15 14:43:57 Success.
2026-07-15 14:43:57 Latest version is 1.12.7
2026-07-15 14:43:57 App is up to date.
2026-07-15 15:43:56 Checking for update using Github
2026-07-15 15:43:56 Success.
2026-07-15 15:43:56 Latest version is 1.12.7
2026-07-15 15:43:56 App is up to date.
2026-07-15 16:43:56 Checking for update using Github
2026-07-15 16:43:56 Success.
2026-07-15 16:43:56 Latest version is 1.12.7
2026-07-15 16:43:56 App is up to date.
2026-07-15 17:43:56 Checking for update using Github
2026-07-15 17:43:57 Success.
2026-07-15 17:43:57 Latest version is 1.12.7
2026-07-15 17:43:57 App is up to date.
2026-07-15 18:43:56 Checking for update using Github
2026-07-15 18:43:57 Success.
2026-07-15 18:43:57 Latest version is 1.12.7
2026-07-15 18:43:57 App is up to date.
2026-07-15 19:43:57 Checking for update using Github
2026-07-15 19:43:57 Success.
2026-07-15 19:43:57 Latest version is 1.12.7
2026-07-15 19:43:57 App is up to date.
2026-07-16 19:46:30 Loaded main app package /opt/Obsidian/resources/obsidian.asar
2026-07-16 19:46:31 Checking for update using Github
2026-07-16 19:46:31 Success.
2026-07-16 19:46:31 Latest version is 1.12.7
2026-07-16 19:46:31 App is up to date.
2026-07-16 20:46:29 Checking for update using Github
2026-07-16 20:46:37 Success.
2026-07-16 20:46:37 Latest version is 1.12.7
2026-07-16 20:46:37 App is up to date.
2026-07-17 05:49:57 Loaded main app package /opt/Obsidian/resources/obsidian.asar
2026-07-17 05:49:58 Checking for update using Github
2026-07-17 05:49:58 Success.
2026-07-17 05:49:58 Latest version is 1.12.7
2026-07-17 05:49:58 App is up to date.
2026-07-17 11:54:42 Loaded main app package /opt/Obsidian/resources/obsidian.asar
2026-07-17 11:54:42 Checking for update using Github
2026-07-17 11:54:42 Success.
2026-07-17 11:54:42 Latest version is 1.12.7
2026-07-17 11:54:42 App is up to date.
2026-07-17 17:47:20 Loaded main app package /opt/Obsidian/resources/obsidian.asar
2026-07-17 17:47:21 Checking for update using Github
2026-07-17 17:47:21 Success.
2026-07-17 17:47:21 Latest version is 1.12.7
2026-07-17 17:47:21 App is up to date.
2026-07-20 15:58:33 Loaded main app package /opt/Obsidian/resources/obsidian.asar
2026-07-20 15:58:34 Checking for update using Github
2026-07-20 15:58:34 Success.
2026-07-20 15:58:34 Latest version is 1.12.7
2026-07-20 15:58:34 App is up to date.
2026-07-21 18:18:19 Loaded main app package /opt/Obsidian/resources/obsidian.asar
2026-07-21 18:18:19 Checking for update using Github
2026-07-21 18:18:20 Success.
2026-07-21 18:18:20 Latest version is 1.12.7
2026-07-21 18:18:20 App is up to date.
2026-07-24 11:21:28 Loaded main app package /opt/Obsidian/resources/obsidian.asar
2026-07-24 11:21:29 Checking for update using Github
2026-07-24 11:21:30 Success.
2026-07-24 11:21:30 Latest version is 1.12.7
2026-07-24 11:21:30 App is up to date.
2026-07-24 14:29:38 Loaded main app package /opt/Obsidian/resources/obsidian.asar
2026-07-24 14:29:38 Checking for update using Github
2026-07-24 14:29:39 Success.
2026-07-24 14:29:39 Latest version is 1.12.7
2026-07-24 14:29:39 App is up to date.
2026-07-24 15:29:37 Checking for update using Github
2026-07-24 15:29:38 Success.
2026-07-24 15:29:38 Latest version is 1.12.7
2026-07-24 15:29:38 App is up to date.
2026-07-24 16:35:35 Loaded main app package /opt/Obsidian/resources/obsidian.asar
2026-07-24 16:35:36 Checking for update using Github
2026-07-24 16:35:36 Success.
2026-07-24 16:35:36 Latest version is 1.12.7
2026-07-24 16:35:36 App is up to date.
2026-07-24 17:35:35 Checking for update using Github
2026-07-24 17:35:35 Success.
2026-07-24 17:35:35 Latest version is 1.12.7
2026-07-24 17:35:35 App is up to date.
2026-07-25 17:52:45 Loaded main app package /opt/Obsidian/resources/obsidian.asar
2026-07-25 17:52:46 Checking for update using Github
2026-07-25 17:52:47 Success.
2026-07-25 17:52:47 Latest version is 1.12.7
2026-07-25 17:52:47 App is up to date.
2026-07-25 18:52:45 Checking for update using Github
2026-07-25 18:52:45 Success.
2026-07-25 18:52:45 Latest version is 1.12.7
2026-07-25 18:52:45 App is up to date.
2026-07-25 19:33:14 Loaded main app package /opt/Obsidian/resources/obsidian.asar
2026-07-25 19:33:15 Checking for update using Github
2026-07-25 19:33:15 Success.
2026-07-25 19:33:15 Latest version is 1.12.7
2026-07-25 19:33:15 App is up to date.
2026-07-25 19:49:27 Loaded main app package /opt/Obsidian/resources/obsidian.asar
2026-07-25 19:49:27 Checking for update using Github
2026-07-25 19:49:28 Success.
2026-07-25 19:49:28 Latest version is 1.12.7
2026-07-25 19:49:28 App is up to date.
